---
source: src/dprs/display/process_list/tests.rs
expression: terminal.backend().to_string()
---
"╭Docker Containers─────────────────────────────────────────────────────────────────────────────────╮"
"│                                                                                                  │"
"│                                                                                                  │"
"│                                                                                                  │"
"│                                                                                                  │"
"│                                                                                                  │"
"│                                                                                                  │"
"│                                                                                                  │"
"│                                                                                                  │"
"│                                                                                                  │"
"│                                                                                                  │"
"│                                                                                                  │"
"│                                                                                                  │"
"│                                                                                                  │"
"│                                                                                                  │"
"│                                                                                                  │"
"│                                                                                                  │"
"│                                                                                                  │"
"│                                                                                                  │"
"╰──────────────────────────────────────────────────────────────────────────────────────────────────╯"
